[2026-04-05 13:11:05] INFO: --- Starting Test Setup ---
[2026-04-05 13:11:05] INFO: Navigating to /
[2026-04-05 13:11:05] INFO: --- Starting Test Setup ---
[2026-04-05 13:11:05] INFO: Navigating to /
[2026-04-05 13:11:06] INFO: Executing Login
[2026-04-05 13:11:06] INFO: Filling input: [data-test="username"] with value: [REDACTED]
[2026-04-05 13:11:06] INFO: Filling input: [data-test="password"] with value: [REDACTED]
[2026-04-05 13:11:06] INFO: Clicking on element: [data-test="login-button"]
[2026-04-05 13:11:07] INFO: Verifying inventory page is loaded
[2026-04-05 13:11:07] INFO: Element .inventory_container visibility: true
[2026-04-05 13:11:07] INFO: Executing Checkout Flow
[2026-04-05 13:11:07] INFO: Adding 3 random items to cart
[2026-04-05 13:11:07] INFO: Executing Invalid Login Flow
[2026-04-05 13:11:07] INFO: Adding item: sauce-labs-backpack
[2026-04-05 13:11:07] INFO: Adding item to cart: sauce-labs-backpack
[2026-04-05 13:11:07] INFO: Clicking on element: [data-test="add-to-cart-sauce-labs-backpack"]
[2026-04-05 13:11:07] INFO: Filling input: [data-test="username"] with value: [REDACTED]
[2026-04-05 13:11:07] INFO: Adding item: test.allthethings()-t-shirt-(red)
[2026-04-05 13:11:07] INFO: Adding item to cart: test.allthethings()-t-shirt-(red)
[2026-04-05 13:11:07] INFO: Clicking on element: [data-test="add-to-cart-test.allthethings()-t-shirt-(red)"]
[2026-04-05 13:11:07] INFO: Adding item: sauce-labs-fleece-jacket
[2026-04-05 13:11:07] INFO: Adding item to cart: sauce-labs-fleece-jacket
[2026-04-05 13:11:07] INFO: Clicking on element: [data-test="add-to-cart-sauce-labs-fleece-jacket"]
[2026-04-05 13:11:07] INFO: Navigating to cart
[2026-04-05 13:11:07] INFO: Clicking on element: .shopping_cart_link
[2026-04-05 13:11:07] INFO: Cart contains 3 items
[2026-04-05 13:11:07] INFO: Cart validation successful
[2026-04-05 13:11:07] INFO: Proceeding to checkout from the cart page
[2026-04-05 13:11:07] INFO: Clicking on element: [data-test="checkout"]
[2026-04-05 13:11:07] INFO: Filling input: [data-test="password"] with value: [REDACTED]
[2026-04-05 13:11:07] INFO: Filling checkout details
[2026-04-05 13:11:07] INFO: Clicking on element: [data-test="login-button"]
[2026-04-05 13:11:07] INFO: Filling input: [data-test="firstName"] with value: [REDACTED]
[2026-04-05 13:11:07] INFO: Filling input: [data-test="lastName"] with value: [REDACTED]
[2026-04-05 13:11:07] INFO: Filling input: [data-test="postalCode"] with value: [REDACTED]
[2026-04-05 13:11:08] INFO: Retrieved text from [data-test="error"]: Epic sadface: Username and password do not match any user in this service
[2026-04-05 13:11:08] INFO: Clicking on element: [data-test="continue"]
[2026-04-05 13:11:08] INFO: Completing purchase
[2026-04-05 13:11:08] INFO: Clicking on element: [data-test="finish"]
[2026-04-05 13:11:08] INFO: Retrieved text from .complete-header: Thank you for your order!
[2026-04-05 13:11:08] INFO: --- Test Completed Successfully ---
